I'm sorry, but errors were detected in your script. Please correct the
errors listed below, and try again.


File "game/screens.rpy", line 35: 'spacer' is not a keyword argument or valid child of the hbox statement.
    spacer
          ^

Ren'Py Version: Ren'Py 8.1.3.23091805
Sun Oct  4 19:04:13 2026
